// Jest Snapshot v1, https://goo.gl/fbAQLP

exports[`Render a Legend 1`] = `
Array [
  <rect
    fill="rgb(60,95,156)"
    height={20}
    stroke="grey"
    strokeWidth="1"
    width={20}
    x={270}
    y={220}
  />,
  <text
    fill="black"
    fontSize={18}
    x={295}
    y={245}
  >
    0
  </text>,
  <rect
    fill="rgb(94,131,188)"
    height={20}
    stroke="grey"
    strokeWidth="1"
    width={20}
    x={270}
    y={200}
  />,
  <text
    fill="black"
    fontSize={18}
    x={295}
    y={225}
  >
    5
  </text>,
  <rect
    fill="rgb(143,180,232)"
    height={20}
    stroke="grey"
    strokeWidth="1"
    width={20}
    x={270}
    y={180}
  />,
  <text
    fill="black"
    fontSize={18}
    x={295}
    y={205}
  >
    10
  </text>,
  <rect
    fill="rgb(174,203,214)"
    height={20}
    stroke="grey"
    strokeWidth="1"
    width={20}
    x={270}
    y={160}
  />,
  <text
    fill="black"
    fontSize={18}
    x={295}
    y={185}
  >
    15
  </text>,
  <rect
    fill="rgb(220,226,220)"
    height={20}
    stroke="grey"
    strokeWidth="1"
    width={20}
    x={270}
    y={140}
  />,
  <text
    fill="black"
    fontSize={18}
    x={295}
    y={165}
  >
    20
  </text>,
  <rect
    fill="rgb(251,233,94)"
    height={20}
    stroke="grey"
    strokeWidth="1"
    width={20}
    x={270}
    y={120}
  />,
  <text
    fill="black"
    fontSize={18}
    x={295}
    y={145}
  >
    25
  </text>,
  <rect
    fill="rgb(252,195,67)"
    height={20}
    stroke="grey"
    strokeWidth="1"
    width={20}
    x={270}
    y={100}
  />,
  <text
    fill="black"
    fontSize={18}
    x={295}
    y={125}
  >
    30
  </text>,
  <rect
    fill="rgb(245,136,42)"
    height={20}
    stroke="grey"
    strokeWidth="1"
    width={20}
    x={270}
    y={80}
  />,
  <text
    fill="black"
    fontSize={18}
    x={295}
    y={105}
  >
    35
  </text>,
  <rect
    fill="rgb(242,103,33)"
    height={20}
    stroke="grey"
    strokeWidth="1"
    width={20}
    x={270}
    y={60}
  />,
  <text
    fill="black"
    fontSize={18}
    x={295}
    y={85}
  >
    40
  </text>,
  <rect
    fill="rgb(243,63,29)"
    height={20}
    stroke="grey"
    strokeWidth="1"
    width={20}
    x={270}
    y={40}
  />,
  <text
    fill="black"
    fontSize={18}
    x={295}
    y={65}
  >
    45
  </text>,
  <rect
    fill="rgb(244,36,27)"
    height={20}
    stroke="grey"
    strokeWidth="1"
    width={20}
    x={270}
    y={20}
  />,
  <text
    fill="black"
    fontSize={18}
    x={295}
    y={45}
  >
    50&lt;
  </text>,
  <text
    fill="black"
    fontSize={18}
    x={295}
    y={25}
  >
    kts
  </text>,
]
`;
