// Jest Snapshot v1, https://goo.gl/fbAQLP

exports[`render a Sector 1`] = `
Array [
  <path
    d="M 141.65 86.53 A 45 45, 0, 0, 0, 118.35 86.53 L 130 130 Z"
    fill="rgb(143,180,232)"
    onMouseMove={[Function]}
    onMouseOut={[Function]}
    transform="rotate(0, 130, 130)"
  />,
  <path
    d="M 137.76 101.02 A 30 30, 0, 0, 0, 122.24 101.02 L 130 130 Z"
    fill="rgb(94,131,188)"
    onMouseMove={[Function]}
    onMouseOut={[Function]}
    transform="rotate(0, 130, 130)"
  />,
  <path
    d="M 133.88 115.51 A 15 15, 0, 0, 0, 126.12 115.51 L 130 130 Z"
    fill="rgb(60,95,156)"
    onMouseMove={[Function]}
    onMouseOut={[Function]}
    transform="rotate(0, 130, 130)"
  />,
  <path
    d="M 100.49 11.62 A 122 122, 0, 0, 1, 159.51 11.62"
    fill="none"
    id="curved0"
    transform="rotate(0, 130, 130)"
  />,
  <text
    fill="black"
    fontSize="11px"
    textAnchor="middle"
  >
    <textPath
      href="#curved0"
      startOffset="50%"
    >
      9.0h
    </textPath>
  </text>,
]
`;
